((10/2 - 5) * 100) - (10/2 + 3) --> this is failing ??? 
